// Jest Snapshot v1, https://goo.gl/fbAQLP

exports[`Should render correctly 1`] = `
<div
  data-testid="app"
>
  <nav
    className="text-center text-white p-3"
    data-testid="nav"
    style={
      Object {
        "backgroundColor": "black",
      }
    }
  >
    <h3>
      Corona Watcher
    </h3>
  </nav>
  <div
    className="to-top"
    onClick={[Function]}
    style={
      Object {
        "display": "none",
      }
    }
  >
    <span>
      ↑
    </span>
  </div>
  <div
    className="loading"
    data-testid="loader"
  >
    <div
      className="spinner-border"
      role="status"
    >
      <span
        className="sr-only"
      >
        Loading...
      </span>
    </div>
  </div>
  <div
    className="covid"
  >
    <h3>
      COVID-19
    </h3>
    <div
      className="container"
    >
      <h5>
        Coronavirus disease 2019 (COVID-19) (also known as Wuhan Novel Coronavirus) is an infectious disease caused by severe acute respiratory syndrome coronavirus 2 (SARS-CoV-2), a virus closely related to the SARS virus. The disease first emerged in Wuhan, China and is the cause of the 2019–20 coronavirus outbreak. Those affected are likely to develop a fever and dry cough. Fatigue and shortness of breath are also common indicators. Sputum production, headache, muscle pain, and sore throat are less common symptoms.
      </h5>
      <p>
        (This information is pulled from covid-19 sources (link down below). I am not responsible if the info is not exactly right or it falls behind.
      </p>
      <hr />
    </div>
  </div>
  <div
    className="loading"
    data-testid="loader"
  >
    <div
      className="spinner-border"
      role="status"
    >
      <span
        className="sr-only"
      >
        Loading...
      </span>
    </div>
  </div>
  <footer
    className="p-3"
    data-testid="footer"
  >
    <a
      href="https://github.com/NovelCOVID/API"
    >
      https://github.com/NovelCOVID/API
    </a>
    <p>
      OmkoBass Github
    </p>
  </footer>
</div>
`;
