// Jest Snapshot v1, https://goo.gl/fbAQLP

exports[`renders correctly 1`] = `
<div
  className="loading"
  data-testid="loader"
>
  <div
    className="spinner-border"
    role="status"
  >
    <span
      className="sr-only"
    >
      Loading...
    </span>
  </div>
</div>
`;
