// Jest Snapshot v1, https://goo.gl/fbAQLP

exports[`Should render correctly 1`] = `
<nav
  className="text-center text-white p-3"
  data-testid="nav"
  style={
    Object {
      "backgroundColor": "black",
    }
  }
>
  <h3>
    Corona Watcher
  </h3>
</nav>
`;
